// Jest Snapshot v1, https://goo.gl/fbAQLP

exports[`Song component renders Song 1`] = `
<Fragment>
  <Link
    to="/lyrics/werwer/string"
  >
    <h3>
      string
    </h3>
  </Link>
</Fragment>
`;
