// Jest Snapshot v1, https://goo.gl/fbAQLP

exports[`Release component renders Release 1`] = `
<Fragment>
  <img
    src="string"
  />
  <Link
    to="/songs/234j2h3b4j2"
  >
    <h3>
      My life
    </h3>
  </Link>
  <h5>
    Release Date: 
    March 14th, 1988
  </h5>
</Fragment>
`;
