// Jest Snapshot v1, https://goo.gl/fbAQLP

exports[`Lyrics component renders Lyrics 1`] = `
<section>
  <h3>
    title
  </h3>
  <pre>
    lyrics
  </pre>
</section>
`;
