// Jest Snapshot v1, https://goo.gl/fbAQLP

exports[`SearchArtist component renders SearchArtist 1`] = `
<Fragment>
  <input
    name="artist"
    type="text"
    value="me"
  />
  <button
    onClick={[Function]}
  >
    Search
  </button>
</Fragment>
`;
