// Jest Snapshot v1, https://goo.gl/fbAQLP

exports[`Artist component renders Artist 1`] = `
<Fragment>
  <Link
    to="/releases/me/stuff"
  >
    <h3>
      me
    </h3>
  </Link>
</Fragment>
`;
